// Jest Snapshot v1, https://goo.gl/fbAQLP

exports[`renders correctly ThumbnailLoader component 1`] = `
<div
  className="thumbnail-loader"
/>
`;
