// Jest Snapshot v1, https://goo.gl/fbAQLP

exports[`renders correctly Layout Default component 1`] = `
<main
  className="app-layout--default"
>
  <div />
</main>
`;
