// Jest Snapshot v1, https://goo.gl/fbAQLP

exports[`renders correctly Section component 1`] = `
<section
  className="section--default"
>
  <div />
</section>
`;
